<?xml version="1.0"?>
<link_info>
   <banner>TI ARM Linker PC v5.2.4</banner>
   <copyright>Copyright (c) 1996-2015 Texas Instruments Incorporated</copyright>
   <link_time>0x553501f4</link_time>
   <link_errors>0x0</link_errors>
   <output_file>SSD1306_Demo.out</output_file>
   <entry_point>
      <name>_c_int00</name>
      <address>0x4221</address>
   </entry_point>
   <input_file_list>
      <input_file id="fl-2">
         <path>.\</path>
         <kind>object</kind>
         <file>Adafruit_GFX.obj</file>
         <name>Adafruit_GFX.obj</name>
      </input_file>
      <input_file id="fl-3">
         <path>.\</path>
         <kind>object</kind>
         <file>Stellaris_SSD1306.obj</file>
         <name>Stellaris_SSD1306.obj</name>
      </input_file>
      <input_file id="fl-4">
         <path>.\</path>
         <kind>object</kind>
         <file>main.obj</file>
         <name>main.obj</name>
      </input_file>
      <input_file id="fl-5">
         <path>.\</path>
         <kind>object</kind>
         <file>tm4c123gh6pm_startup_ccs.obj</file>
         <name>tm4c123gh6pm_startup_ccs.obj</name>
      </input_file>
      <input_file id="fl-b">
         <path>C:\ti\TivaWare_C_Series-2.0.1.11577\driverlib\ccs\Debug\</path>
         <kind>archive</kind>
         <file>driverlib.lib</file>
         <name>sysctl.obj</name>
      </input_file>
      <input_file id="fl-c">
         <path>C:\ti\TivaWare_C_Series-2.0.1.11577\driverlib\ccs\Debug\</path>
         <kind>archive</kind>
         <file>driverlib.lib</file>
         <name>ssi.obj</name>
      </input_file>
      <input_file id="fl-d">
         <path>C:\ti\TivaWare_C_Series-2.0.1.11577\driverlib\ccs\Debug\</path>
         <kind>archive</kind>
         <file>driverlib.lib</file>
         <name>interrupt.obj</name>
      </input_file>
      <input_file id="fl-e">
         <path>C:\ti\TivaWare_C_Series-2.0.1.11577\driverlib\ccs\Debug\</path>
         <kind>archive</kind>
         <file>driverlib.lib</file>
         <name>gpio.obj</name>
      </input_file>
      <input_file id="fl-f">
         <path>C:\ti\TivaWare_C_Series-2.0.1.11577\driverlib\ccs\Debug\</path>
         <kind>archive</kind>
         <file>driverlib.lib</file>
         <name>fpu.obj</name>
      </input_file>
      <input_file id="fl-10">
         <path>C:\ti\TivaWare_C_Series-2.0.1.11577\driverlib\ccs\Debug\</path>
         <kind>archive</kind>
         <file>driverlib.lib</file>
         <name>cpu.obj</name>
      </input_file>
      <input_file id="fl-132">
         <path>C:\ti\ccsv6\tools\compiler\ti-cgt-arm_5.2.4\lib\</path>
         <kind>archive</kind>
         <file>rtsv7M4_T_le_v4SPD16_eabi.lib</file>
         <name>boot.obj</name>
      </input_file>
      <input_file id="fl-133">
         <path>C:\ti\ccsv6\tools\compiler\ti-cgt-arm_5.2.4\lib\</path>
         <kind>archive</kind>
         <file>rtsv7M4_T_le_v4SPD16_eabi.lib</file>
         <name>copy_decompress_none.obj</name>
      </input_file>
      <input_file id="fl-134">
         <path>C:\ti\ccsv6\tools\compiler\ti-cgt-arm_5.2.4\lib\</path>
         <kind>archive</kind>
         <file>rtsv7M4_T_le_v4SPD16_eabi.lib</file>
         <name>copy_decompress_rle.obj</name>
      </input_file>
      <input_file id="fl-135">
         <path>C:\ti\ccsv6\tools\compiler\ti-cgt-arm_5.2.4\lib\</path>
         <kind>archive</kind>
         <file>rtsv7M4_T_le_v4SPD16_eabi.lib</file>
         <name>copy_zero_init.obj</name>
      </input_file>
      <input_file id="fl-136">
         <path>C:\ti\ccsv6\tools\compiler\ti-cgt-arm_5.2.4\lib\</path>
         <kind>archive</kind>
         <file>rtsv7M4_T_le_v4SPD16_eabi.lib</file>
         <name>exit.obj</name>
      </input_file>
      <input_file id="fl-137">
         <path>C:\ti\ccsv6\tools\compiler\ti-cgt-arm_5.2.4\lib\</path>
         <kind>archive</kind>
         <file>rtsv7M4_T_le_v4SPD16_eabi.lib</file>
         <name>memcpy_t2.obj</name>
      </input_file>
      <input_file id="fl-138">
         <path>C:\ti\ccsv6\tools\compiler\ti-cgt-arm_5.2.4\lib\</path>
         <kind>archive</kind>
         <file>rtsv7M4_T_le_v4SPD16_eabi.lib</file>
         <name>memset_t2.obj</name>
      </input_file>
      <input_file id="fl-139">
         <path>C:\ti\ccsv6\tools\compiler\ti-cgt-arm_5.2.4\lib\</path>
         <kind>archive</kind>
         <file>rtsv7M4_T_le_v4SPD16_eabi.lib</file>
         <name>pre_init.obj</name>
      </input_file>
      <input_file id="fl-13a">
         <path>C:\ti\ccsv6\tools\compiler\ti-cgt-arm_5.2.4\lib\</path>
         <kind>archive</kind>
         <file>rtsv7M4_T_le_v4SPD16_eabi.lib</file>
         <name>sprintf.obj</name>
      </input_file>
      <input_file id="fl-13b">
         <path>C:\ti\ccsv6\tools\compiler\ti-cgt-arm_5.2.4\lib\</path>
         <kind>archive</kind>
         <file>rtsv7M4_T_le_v4SPD16_eabi.lib</file>
         <name>stkdepth_vars.obj</name>
      </input_file>
      <input_file id="fl-13c">
         <path>C:\ti\ccsv6\tools\compiler\ti-cgt-arm_5.2.4\lib\</path>
         <kind>archive</kind>
         <file>rtsv7M4_T_le_v4SPD16_eabi.lib</file>
         <name>_lock.obj</name>
      </input_file>
      <input_file id="fl-13d">
         <path>C:\ti\ccsv6\tools\compiler\ti-cgt-arm_5.2.4\lib\</path>
         <kind>archive</kind>
         <file>rtsv7M4_T_le_v4SPD16_eabi.lib</file>
         <name>_printfi.obj</name>
      </input_file>
      <input_file id="fl-13e">
         <path>C:\ti\ccsv6\tools\compiler\ti-cgt-arm_5.2.4\lib\</path>
         <kind>archive</kind>
         <file>rtsv7M4_T_le_v4SPD16_eabi.lib</file>
         <name>args_main.obj</name>
      </input_file>
      <input_file id="fl-13f">
         <path>C:\ti\ccsv6\tools\compiler\ti-cgt-arm_5.2.4\lib\</path>
         <kind>archive</kind>
         <file>rtsv7M4_T_le_v4SPD16_eabi.lib</file>
         <name>atoi.obj</name>
      </input_file>
      <input_file id="fl-140">
         <path>C:\ti\ccsv6\tools\compiler\ti-cgt-arm_5.2.4\lib\</path>
         <kind>archive</kind>
         <file>rtsv7M4_T_le_v4SPD16_eabi.lib</file>
         <name>autoinit.obj</name>
      </input_file>
      <input_file id="fl-141">
         <path>C:\ti\ccsv6\tools\compiler\ti-cgt-arm_5.2.4\lib\</path>
         <kind>archive</kind>
         <file>rtsv7M4_T_le_v4SPD16_eabi.lib</file>
         <name>cpy_tbl.obj</name>
      </input_file>
      <input_file id="fl-142">
         <path>C:\ti\ccsv6\tools\compiler\ti-cgt-arm_5.2.4\lib\</path>
         <kind>archive</kind>
         <file>rtsv7M4_T_le_v4SPD16_eabi.lib</file>
         <name>ctype.obj</name>
      </input_file>
      <input_file id="fl-143">
         <path>C:\ti\ccsv6\tools\compiler\ti-cgt-arm_5.2.4\lib\</path>
         <kind>archive</kind>
         <file>rtsv7M4_T_le_v4SPD16_eabi.lib</file>
         <name>fd_add_t2.obj</name>
      </input_file>
      <input_file id="fl-144">
         <path>C:\ti\ccsv6\tools\compiler\ti-cgt-arm_5.2.4\lib\</path>
         <kind>archive</kind>
         <file>rtsv7M4_T_le_v4SPD16_eabi.lib</file>
         <name>fd_cmp_t2.obj</name>
      </input_file>
      <input_file id="fl-145">
         <path>C:\ti\ccsv6\tools\compiler\ti-cgt-arm_5.2.4\lib\</path>
         <kind>archive</kind>
         <file>rtsv7M4_T_le_v4SPD16_eabi.lib</file>
         <name>fd_div_t2.obj</name>
      </input_file>
      <input_file id="fl-146">
         <path>C:\ti\ccsv6\tools\compiler\ti-cgt-arm_5.2.4\lib\</path>
         <kind>archive</kind>
         <file>rtsv7M4_T_le_v4SPD16_eabi.lib</file>
         <name>fd_mul_t2.obj</name>
      </input_file>
      <input_file id="fl-147">
         <path>C:\ti\ccsv6\tools\compiler\ti-cgt-arm_5.2.4\lib\</path>
         <kind>archive</kind>
         <file>rtsv7M4_T_le_v4SPD16_eabi.lib</file>
         <name>fd_toi_t2.obj</name>
      </input_file>
      <input_file id="fl-148">
         <path>C:\ti\ccsv6\tools\compiler\ti-cgt-arm_5.2.4\lib\</path>
         <kind>archive</kind>
         <file>rtsv7M4_T_le_v4SPD16_eabi.lib</file>
         <name>frexp.obj</name>
      </input_file>
      <input_file id="fl-149">
         <path>C:\ti\ccsv6\tools\compiler\ti-cgt-arm_5.2.4\lib\</path>
         <kind>archive</kind>
         <file>rtsv7M4_T_le_v4SPD16_eabi.lib</file>
         <name>i_tofd_t2.obj</name>
      </input_file>
      <input_file id="fl-14a">
         <path>C:\ti\ccsv6\tools\compiler\ti-cgt-arm_5.2.4\lib\</path>
         <kind>archive</kind>
         <file>rtsv7M4_T_le_v4SPD16_eabi.lib</file>
         <name>ldexp.obj</name>
      </input_file>
      <input_file id="fl-14b">
         <path>C:\ti\ccsv6\tools\compiler\ti-cgt-arm_5.2.4\lib\</path>
         <kind>archive</kind>
         <file>rtsv7M4_T_le_v4SPD16_eabi.lib</file>
         <name>ltoa.obj</name>
      </input_file>
      <input_file id="fl-14c">
         <path>C:\ti\ccsv6\tools\compiler\ti-cgt-arm_5.2.4\lib\</path>
         <kind>archive</kind>
         <file>rtsv7M4_T_le_v4SPD16_eabi.lib</file>
         <name>memccpy.obj</name>
      </input_file>
      <input_file id="fl-14d">
         <path>C:\ti\ccsv6\tools\compiler\ti-cgt-arm_5.2.4\lib\</path>
         <kind>archive</kind>
         <file>rtsv7M4_T_le_v4SPD16_eabi.lib</file>
         <name>strchr.obj</name>
      </input_file>
      <input_file id="fl-14e">
         <path>C:\ti\ccsv6\tools\compiler\ti-cgt-arm_5.2.4\lib\</path>
         <kind>archive</kind>
         <file>rtsv7M4_T_le_v4SPD16_eabi.lib</file>
         <name>strlen.obj</name>
      </input_file>
      <input_file id="fl-14f">
         <path>C:\ti\ccsv6\tools\compiler\ti-cgt-arm_5.2.4\lib\</path>
         <kind>archive</kind>
         <file>rtsv7M4_T_le_v4SPD16_eabi.lib</file>
         <name>ull_div_t2.obj</name>
      </input_file>
      <input_file id="fl-150">
         <path>C:\ti\ccsv6\tools\compiler\ti-cgt-arm_5.2.4\lib\</path>
         <kind>archive</kind>
         <file>rtsv7M4_T_le_v4SPD16_eabi.lib</file>
         <name>xdclass.obj</name>
      </input_file>
      <input_file id="fl-151">
         <path>C:\ti\ccsv6\tools\compiler\ti-cgt-arm_5.2.4\lib\</path>
         <kind>archive</kind>
         <file>rtsv7M4_T_le_v4SPD16_eabi.lib</file>
         <name>xdscale.obj</name>
      </input_file>
      <input_file id="fl-152">
         <path>C:\ti\ccsv6\tools\compiler\ti-cgt-arm_5.2.4\lib\</path>
         <kind>archive</kind>
         <file>rtsv7M4_T_le_v4SPD16_eabi.lib</file>
         <name>xdunscal.obj</name>
      </input_file>
      <input_file id="fl-153">
         <path>C:\ti\ccsv6\tools\compiler\ti-cgt-arm_5.2.4\lib\</path>
         <kind>archive</kind>
         <file>rtsv7M4_T_le_v4SPD16_eabi.lib</file>
         <name>xferaise.obj</name>
      </input_file>
      <input_file id="fl-154">
         <path>C:\ti\ccsv6\tools\compiler\ti-cgt-arm_5.2.4\lib\</path>
         <kind>archive</kind>
         <file>rtsv7M4_T_le_v4SPD16_eabi.lib</file>
         <name>xvalues.obj</name>
      </input_file>
      <input_file id="fl-155">
         <path>C:\ti\ccsv6\tools\compiler\ti-cgt-arm_5.2.4\lib\</path>
         <kind>archive</kind>
         <file>rtsv7M4_T_le_v4SPD16_eabi.lib</file>
         <name>errno.obj</name>
      </input_file>
      <input_file id="fl-156">
         <path>C:\ti\ccsv6\tools\compiler\ti-cgt-arm_5.2.4\lib\</path>
         <kind>archive</kind>
         <file>rtsv7M4_T_le_v4SPD16_eabi.lib</file>
         <name>feraiseexcept.obj</name>
      </input_file>
      <input_file id="fl-157">
         <path>C:\ti\ccsv6\tools\compiler\ti-cgt-arm_5.2.4\lib\</path>
         <kind>archive</kind>
         <file>rtsv7M4_T_le_v4SPD16_eabi.lib</file>
         <name>raise.obj</name>
      </input_file>
      <input_file id="fl-158">
         <path>C:\ti\ccsv6\tools\compiler\ti-cgt-arm_5.2.4\lib\</path>
         <kind>archive</kind>
         <file>rtsv7M4_T_le_v4SPD16_eabi.lib</file>
         <name>signal.obj</name>
      </input_file>
      <input_file id="fl-159">
         <path>C:\ti\ccsv6\tools\compiler\ti-cgt-arm_5.2.4\lib\</path>
         <kind>archive</kind>
         <file>rtsv7M4_T_le_v4SPD16_eabi.lib</file>
         <name>xdnorm.obj</name>
      </input_file>
   </input_file_list>
   <object_component_list>
      <object_component id="oc-f">
         <name>.intvecs</name>
         <load_address>0x0</load_address>
         <run_address>0x0</run_address>
         <size>0x26c</size>
         <input_file_ref idref="fl-5"/>
      </object_component>
      <object_component id="oc-cf">
         <name>.text</name>
         <load_address>0x26c</load_address>
         <run_address>0x26c</run_address>
         <size>0x1334</size>
         <input_file_ref idref="fl-2"/>
      </object_component>
      <object_component id="oc-162">
         <name>.text</name>
         <load_address>0x15a0</load_address>
         <run_address>0x15a0</run_address>
         <size>0x10ba</size>
         <input_file_ref idref="fl-13d"/>
      </object_component>
      <object_component id="oc-c3">
         <name>.text</name>
         <load_address>0x265a</load_address>
         <run_address>0x265a</run_address>
         <size>0x6ca</size>
         <input_file_ref idref="fl-3"/>
      </object_component>
      <object_component id="oc-9d">
         <name>.text</name>
         <load_address>0x2d24</load_address>
         <run_address>0x2d24</run_address>
         <size>0x394</size>
         <input_file_ref idref="fl-4"/>
      </object_component>
      <object_component id="oc-1c3">
         <name>.text</name>
         <load_address>0x30b8</load_address>
         <run_address>0x30b8</run_address>
         <size>0x1f4</size>
         <input_file_ref idref="fl-14f"/>
      </object_component>
      <object_component id="oc-1f2">
         <name>.text</name>
         <load_address>0x32ac</load_address>
         <run_address>0x32ac</run_address>
         <size>0x1b6</size>
         <input_file_ref idref="fl-143"/>
      </object_component>
      <object_component id="oc-152">
         <name>.text:drawFastVLineInternal</name>
         <load_address>0x3464</load_address>
         <run_address>0x3464</run_address>
         <size>0x158</size>
         <input_file_ref idref="fl-3"/>
      </object_component>
      <object_component id="oc-1d8">
         <name>.text</name>
         <load_address>0x35bc</load_address>
         <run_address>0x35bc</run_address>
         <size>0x136</size>
         <input_file_ref idref="fl-145"/>
      </object_component>
      <object_component id="oc-17e">
         <name>.text:GPIOPadConfigSet</name>
         <load_address>0x36f2</load_address>
         <run_address>0x36f2</run_address>
         <size>0x130</size>
         <input_file_ref idref="fl-e"/>
      </object_component>
      <object_component id="oc-257">
         <name>.text</name>
         <load_address>0x3824</load_address>
         <run_address>0x3824</run_address>
         <size>0x110</size>
         <input_file_ref idref="fl-151"/>
      </object_component>
      <object_component id="oc-e1">
         <name>.text:SysCtlClockSet</name>
         <load_address>0x3934</load_address>
         <run_address>0x3934</run_address>
         <size>0x104</size>
         <input_file_ref idref="fl-b"/>
      </object_component>
      <object_component id="oc-159">
         <name>.text:drawFastHLineInternal</name>
         <load_address>0x3a38</load_address>
         <run_address>0x3a38</run_address>
         <size>0xfe</size>
         <input_file_ref idref="fl-3"/>
      </object_component>
      <object_component id="oc-1d3">
         <name>.text</name>
         <load_address>0x3b36</load_address>
         <run_address>0x3b36</run_address>
         <size>0xfc</size>
         <input_file_ref idref="fl-146"/>
      </object_component>
      <object_component id="oc-111">
         <name>.text:SysCtlClockGet</name>
         <load_address>0x3c34</load_address>
         <run_address>0x3c34</run_address>
         <size>0xc8</size>
         <input_file_ref idref="fl-b"/>
      </object_component>
      <object_component id="oc-27b">
         <name>.text</name>
         <load_address>0x3cfc</load_address>
         <run_address>0x3cfc</run_address>
         <size>0xbe</size>
         <input_file_ref idref="fl-159"/>
      </object_component>
      <object_component id="oc-33">
         <name>.text</name>
         <load_address>0x3dba</load_address>
         <run_address>0x3dba</run_address>
         <size>0x9c</size>
         <input_file_ref idref="fl-137"/>
      </object_component>
      <object_component id="oc-1ce">
         <name>.text:__aeabi_cdcmple</name>
         <load_address>0x3e56</load_address>
         <run_address>0x3e56</run_address>
         <size>0x86</size>
         <input_file_ref idref="fl-144"/>
      </object_component>
      <object_component id="oc-1dd">
         <name>.text:__aeabi_cdrcmple</name>
         <load_address>0x3edc</load_address>
         <run_address>0x3edc</run_address>
         <size>0x86</size>
         <input_file_ref idref="fl-144"/>
      </object_component>
      <object_component id="oc-4c">
         <name>.text</name>
         <load_address>0x3f62</load_address>
         <run_address>0x3f62</run_address>
         <size>0x7a</size>
         <input_file_ref idref="fl-138"/>
      </object_component>
      <object_component id="oc-5e">
         <name>.text</name>
         <load_address>0x3fdc</load_address>
         <run_address>0x3fdc</run_address>
         <size>0x6c</size>
         <input_file_ref idref="fl-140"/>
      </object_component>
      <object_component id="oc-3f">
         <name>.text</name>
         <load_address>0x4048</load_address>
         <run_address>0x4048</run_address>
         <size>0x6a</size>
         <input_file_ref idref="fl-134"/>
      </object_component>
      <object_component id="oc-24f">
         <name>.text</name>
         <load_address>0x40b2</load_address>
         <run_address>0x40b2</run_address>
         <size>0x66</size>
         <input_file_ref idref="fl-152"/>
      </object_component>
      <object_component id="oc-c9">
         <name>.text</name>
         <load_address>0x4118</load_address>
         <run_address>0x4118</run_address>
         <size>0x60</size>
         <input_file_ref idref="fl-13a"/>
      </object_component>
      <object_component id="oc-1e7">
         <name>.text</name>
         <load_address>0x4178</load_address>
         <run_address>0x4178</run_address>
         <size>0x56</size>
         <input_file_ref idref="fl-14b"/>
      </object_component>
      <object_component id="oc-1fd">
         <name>.text</name>
         <load_address>0x41ce</load_address>
         <run_address>0x41ce</run_address>
         <size>0x52</size>
         <input_file_ref idref="fl-14a"/>
      </object_component>
      <object_component id="oc-24">
         <name>.text</name>
         <load_address>0x4220</load_address>
         <run_address>0x4220</run_address>
         <size>0x50</size>
         <input_file_ref idref="fl-132"/>
      </object_component>
      <object_component id="oc-215">
         <name>.text</name>
         <load_address>0x4270</load_address>
         <run_address>0x4270</run_address>
         <size>0x4c</size>
         <input_file_ref idref="fl-13f"/>
      </object_component>
      <object_component id="oc-95">
         <name>.text</name>
         <load_address>0x42bc</load_address>
         <run_address>0x42bc</run_address>
         <size>0x4c</size>
         <input_file_ref idref="fl-141"/>
      </object_component>
      <object_component id="oc-f9">
         <name>.text:GPIOPinConfigure</name>
         <load_address>0x4308</load_address>
         <run_address>0x4308</run_address>
         <size>0x48</size>
         <input_file_ref idref="fl-e"/>
      </object_component>
      <object_component id="oc-1e2">
         <name>.text</name>
         <load_address>0x4350</load_address>
         <run_address>0x4350</run_address>
         <size>0x48</size>
         <input_file_ref idref="fl-147"/>
      </object_component>
      <object_component id="oc-6a">
         <name>.text</name>
         <load_address>0x4398</load_address>
         <run_address>0x4398</run_address>
         <size>0x44</size>
         <input_file_ref idref="fl-136"/>
      </object_component>
      <object_component id="oc-117">
         <name>.text:SSIConfigSetExpClk</name>
         <load_address>0x43dc</load_address>
         <run_address>0x43dc</run_address>
         <size>0x42</size>
         <input_file_ref idref="fl-c"/>
      </object_component>
      <object_component id="oc-2be">
         <name>.text</name>
         <load_address>0x4420</load_address>
         <run_address>0x4420</run_address>
         <size>0x40</size>
         <input_file_ref idref="fl-158"/>
      </object_component>
      <object_component id="oc-e7">
         <name>.text:SysCtlPeripheralEnable</name>
         <load_address>0x4460</load_address>
         <run_address>0x4460</run_address>
         <size>0x34</size>
         <input_file_ref idref="fl-b"/>
      </object_component>
      <object_component id="oc-28a">
         <name>.text</name>
         <load_address>0x4494</load_address>
         <run_address>0x4494</run_address>
         <size>0x34</size>
         <input_file_ref idref="fl-156"/>
      </object_component>
      <object_component id="oc-209">
         <name>.text</name>
         <load_address>0x44c8</load_address>
         <run_address>0x44c8</run_address>
         <size>0x30</size>
         <input_file_ref idref="fl-150"/>
      </object_component>
      <object_component id="oc-25d">
         <name>.text</name>
         <load_address>0x44f8</load_address>
         <run_address>0x44f8</run_address>
         <size>0x30</size>
         <input_file_ref idref="fl-153"/>
      </object_component>
      <object_component id="oc-1ed">
         <name>.text</name>
         <load_address>0x4528</load_address>
         <run_address>0x4528</run_address>
         <size>0x2e</size>
         <input_file_ref idref="fl-149"/>
      </object_component>
      <object_component id="oc-2ae">
         <name>.text</name>
         <load_address>0x4556</load_address>
         <run_address>0x4556</run_address>
         <size>0x2e</size>
         <input_file_ref idref="fl-157"/>
      </object_component>
      <object_component id="oc-184">
         <name>.text:GPIODirModeSet</name>
         <load_address>0x4584</load_address>
         <run_address>0x4584</run_address>
         <size>0x2a</size>
         <input_file_ref idref="fl-e"/>
      </object_component>
      <object_component id="oc-1f7">
         <name>.text</name>
         <load_address>0x45ae</load_address>
         <run_address>0x45ae</run_address>
         <size>0x2a</size>
         <input_file_ref idref="fl-148"/>
      </object_component>
      <object_component id="oc-20f">
         <name>.text</name>
         <load_address>0x45d8</load_address>
         <run_address>0x45d8</run_address>
         <size>0x1c</size>
         <input_file_ref idref="fl-14c"/>
      </object_component>
      <object_component id="oc-ed">
         <name>.text:GPIOPinTypeGPIOOutput</name>
         <load_address>0x45f4</load_address>
         <run_address>0x45f4</run_address>
         <size>0x18</size>
         <input_file_ref idref="fl-e"/>
      </object_component>
      <object_component id="oc-64">
         <name>.text</name>
         <load_address>0x460c</load_address>
         <run_address>0x460c</run_address>
         <size>0x18</size>
         <input_file_ref idref="fl-13e"/>
      </object_component>
      <object_component id="oc-203">
         <name>.text</name>
         <load_address>0x4624</load_address>
         <run_address>0x4624</run_address>
         <size>0x16</size>
         <input_file_ref idref="fl-14d"/>
      </object_component>
      <object_component id="oc-db">
         <name>.text:FPUStackingEnable</name>
         <load_address>0x463c</load_address>
         <run_address>0x463c</run_address>
         <size>0x14</size>
         <input_file_ref idref="fl-f"/>
      </object_component>
      <object_component id="oc-13d">
         <name>.text</name>
         <load_address>0x4650</load_address>
         <run_address>0x4650</run_address>
         <size>0x14</size>
         <input_file_ref idref="fl-13c"/>
      </object_component>
      <object_component id="oc-1c8">
         <name>.text</name>
         <load_address>0x4664</load_address>
         <run_address>0x4664</run_address>
         <size>0x14</size>
         <input_file_ref idref="fl-14e"/>
      </object_component>
      <object_component id="oc-ff">
         <name>.text:GPIOPinTypeSSI</name>
         <load_address>0x4678</load_address>
         <run_address>0x4678</run_address>
         <size>0x12</size>
         <input_file_ref idref="fl-e"/>
      </object_component>
      <object_component id="oc-d5">
         <name>.text:FPUEnable</name>
         <load_address>0x468c</load_address>
         <run_address>0x468c</run_address>
         <size>0x10</size>
         <input_file_ref idref="fl-f"/>
      </object_component>
      <object_component id="oc-124">
         <name>.text:SSIDataPutNonBlocking</name>
         <load_address>0x469c</load_address>
         <run_address>0x469c</run_address>
         <size>0xe</size>
         <input_file_ref idref="fl-c"/>
      </object_component>
      <object_component id="oc-12">
         <name>.text:decompress:none</name>
         <load_address>0x46aa</load_address>
         <run_address>0x46aa</run_address>
         <size>0xe</size>
         <input_file_ref idref="fl-133"/>
      </object_component>
      <object_component id="oc-1e">
         <name>.text:decompress:ZI</name>
         <load_address>0x46b8</load_address>
         <run_address>0x46b8</run_address>
         <size>0xc</size>
         <input_file_ref idref="fl-135"/>
      </object_component>
      <object_component id="oc-2a">
         <name>.text</name>
         <load_address>0x46c4</load_address>
         <run_address>0x46c4</run_address>
         <size>0xc</size>
         <input_file_ref idref="fl-5"/>
      </object_component>
      <object_component id="oc-10b">
         <name>.text:SSIDisable</name>
         <load_address>0x46d0</load_address>
         <run_address>0x46d0</run_address>
         <size>0xa</size>
         <input_file_ref idref="fl-c"/>
      </object_component>
      <object_component id="oc-11d">
         <name>.text:SSIEnable</name>
         <load_address>0x46da</load_address>
         <run_address>0x46da</run_address>
         <size>0xa</size>
         <input_file_ref idref="fl-c"/>
      </object_component>
      <object_component id="oc-105">
         <name>.text:SSIBusy</name>
         <load_address>0x46e4</load_address>
         <run_address>0x46e4</run_address>
         <size>0x8</size>
         <input_file_ref idref="fl-c"/>
      </object_component>
      <object_component id="oc-f3">
         <name>.text:GPIOPinWrite</name>
         <load_address>0x46ec</load_address>
         <run_address>0x46ec</run_address>
         <size>0x6</size>
         <input_file_ref idref="fl-e"/>
      </object_component>
      <object_component id="oc-123">
         <name>.text:SysCtlDelay</name>
         <load_address>0x46f2</load_address>
         <run_address>0x46f2</run_address>
         <size>0x6</size>
         <input_file_ref idref="fl-b"/>
      </object_component>
      <object_component id="oc-18">
         <name>.text:decompress:rle24</name>
         <load_address>0x46f8</load_address>
         <run_address>0x46f8</run_address>
         <size>0x6</size>
         <input_file_ref idref="fl-134"/>
      </object_component>
      <object_component id="oc-58">
         <name>.text</name>
         <load_address>0x46fe</load_address>
         <run_address>0x46fe</run_address>
         <size>0x4</size>
         <input_file_ref idref="fl-139"/>
      </object_component>
      <object_component id="oc-16f">
         <name>.const:.string:font</name>
         <load_address>0x4704</load_address>
         <run_address>0x4704</run_address>
         <size>0x4fb</size>
         <input_file_ref idref="fl-2"/>
      </object_component>
      <object_component id="oc-26b">
         <name>.const:.string:_ctypes_</name>
         <load_address>0x4bff</load_address>
         <run_address>0x4bff</run_address>
         <size>0x101</size>
         <input_file_ref idref="fl-142"/>
      </object_component>
      <object_component id="oc-18d">
         <name>.const:g_pui32GPIOBaseAddrs</name>
         <load_address>0x4d00</load_address>
         <run_address>0x4d00</run_address>
         <size>0x90</size>
         <input_file_ref idref="fl-e"/>
      </object_component>
      <object_component id="oc-19a">
         <name>.const:g_pui32Xtals</name>
         <load_address>0x4d90</load_address>
         <run_address>0x4d90</run_address>
         <size>0x6c</size>
         <input_file_ref idref="fl-b"/>
      </object_component>
      <object_component id="oc-1b2">
         <name>.const:.string</name>
         <load_address>0x4dfc</load_address>
         <run_address>0x4dfc</run_address>
         <size>0x1e</size>
         <input_file_ref idref="fl-4"/>
      </object_component>
      <object_component id="oc-304">
         <name>.cinit..data.load</name>
         <load_address>0x4e20</load_address>
         <run_address>0x4e20</run_address>
         <size>0x194</size>
      </object_component>
      <object_component id="oc-302">
         <name>__TI_handler_table</name>
         <load_address>0x4fb4</load_address>
         <run_address>0x4fb4</run_address>
         <size>0xc</size>
      </object_component>
      <object_component id="oc-305">
         <name>.cinit..bss.load</name>
         <load_address>0x4fc0</load_address>
         <run_address>0x4fc0</run_address>
         <size>0x8</size>
      </object_component>
      <object_component id="oc-303">
         <name>__TI_cinit_table</name>
         <load_address>0x4fc8</load_address>
         <run_address>0x4fc8</run_address>
         <size>0x10</size>
      </object_component>
      <object_component id="oc-29">
         <name>.stack</name>
         <uninitialized>true</uninitialized>
         <run_address>0x20000000</run_address>
         <size>0x0</size>
         <input_file_ref idref="fl-132"/>
      </object_component>
      <object_component id="oc-306">
         <name>.stack</name>
         <uninitialized>true</uninitialized>
         <run_address>0x20000000</run_address>
         <size>0x0</size>
      </object_component>
      <object_component id="oc-12d">
         <name>.common:strbuffer</name>
         <uninitialized>true</uninitialized>
         <run_address>0x20000d70</run_address>
         <size>0x20</size>
      </object_component>
      <object_component id="oc-131">
         <name>.common:sAdafruit_GFX</name>
         <uninitialized>true</uninitialized>
         <run_address>0x20000d90</run_address>
         <size>0x1c</size>
      </object_component>
      <object_component id="oc-12a">
         <name>.common:ssd1306</name>
         <uninitialized>true</uninitialized>
         <run_address>0x20000dac</run_address>
         <size>0x10</size>
      </object_component>
      <object_component id="oc-132">
         <name>.data:buffer</name>
         <load_address>0x20000800</load_address>
         <run_address>0x20000800</run_address>
         <size>0x400</size>
         <input_file_ref idref="fl-3"/>
      </object_component>
      <object_component id="oc-1ba">
         <name>.data:premask$drawFastVLineInternal_1</name>
         <load_address>0x20000d48</load_address>
         <run_address>0x20000d48</run_address>
         <size>0x8</size>
         <input_file_ref idref="fl-3"/>
      </object_component>
      <object_component id="oc-1bb">
         <name>.data:postmask$drawFastVLineInternal_1</name>
         <load_address>0x20000d40</load_address>
         <run_address>0x20000d40</run_address>
         <size>0x8</size>
         <input_file_ref idref="fl-3"/>
      </object_component>
      <object_component id="oc-12e">
         <name>.data</name>
         <load_address>0x20000d30</load_address>
         <run_address>0x20000d30</run_address>
         <size>0x10</size>
         <input_file_ref idref="fl-4"/>
      </object_component>
      <object_component id="oc-a8">
         <name>.data</name>
         <load_address>0x20000d58</load_address>
         <run_address>0x20000d58</run_address>
         <size>0x8</size>
         <input_file_ref idref="fl-136"/>
      </object_component>
      <object_component id="oc-70">
         <name>.data</name>
         <load_address>0x20000d6c</load_address>
         <run_address>0x20000d6c</run_address>
         <size>0x4</size>
         <input_file_ref idref="fl-13b"/>
      </object_component>
      <object_component id="oc-a5">
         <name>.data</name>
         <load_address>0x20000d50</load_address>
         <run_address>0x20000d50</run_address>
         <size>0x8</size>
         <input_file_ref idref="fl-13c"/>
      </object_component>
      <object_component id="oc-285">
         <name>.data</name>
         <load_address>0x20000cb0</load_address>
         <run_address>0x20000cb0</run_address>
         <size>0x80</size>
         <input_file_ref idref="fl-154"/>
      </object_component>
      <object_component id="oc-290">
         <name>.data</name>
         <load_address>0x20000d68</load_address>
         <run_address>0x20000d68</run_address>
         <size>0x4</size>
         <input_file_ref idref="fl-155"/>
      </object_component>
      <object_component id="oc-2b4">
         <name>.data</name>
         <load_address>0x20000d60</load_address>
         <run_address>0x20000d60</run_address>
         <size>0x8</size>
         <input_file_ref idref="fl-156"/>
      </object_component>
      <object_component id="oc-2cf">
         <name>.data:sigtable</name>
         <load_address>0x20000c00</load_address>
         <run_address>0x20000c00</run_address>
         <size>0xb0</size>
         <input_file_ref idref="fl-158"/>
      </object_component>
      <object_component id="oc-173">
         <name>.debug_info</name>
         <load_address>0x0</load_address>
         <run_address>0x0</run_address>
         <size>0x1e5</size>
         <input_file_ref idref="fl-2"/>
      </object_component>
      <object_component id="oc-170">
         <name>.debug_info</name>
         <load_address>0x1e5</load_address>
         <run_address>0x1e5</run_address>
         <size>0xef</size>
         <input_file_ref idref="fl-2"/>
      </object_component>
      <object_component id="oc-d0">
         <name>.debug_info</name>
         <load_address>0x2d4</load_address>
         <run_address>0x2d4</run_address>
         <size>0x25c6</size>
         <input_file_ref idref="fl-2"/>
      </object_component>
      <object_component id="oc-1a3">
         <name>.debug_info</name>
         <load_address>0x289a</load_address>
         <run_address>0x289a</run_address>
         <size>0x12a</size>
         <input_file_ref idref="fl-2"/>
      </object_component>
      <object_component id="oc-b0">
         <name>.debug_info</name>
         <load_address>0x29c4</load_address>
         <run_address>0x29c4</run_address>
         <size>0x8b</size>
         <input_file_ref idref="fl-2"/>
      </object_component>
      <object_component id="oc-7c">
         <name>.debug_info</name>
         <load_address>0x2a4f</load_address>
         <run_address>0x2a4f</run_address>
         <size>0x18b</size>
         <input_file_ref idref="fl-2"/>
      </object_component>
      <object_component id="oc-16a">
         <name>.debug_info</name>
         <load_address>0x2bda</load_address>
         <run_address>0x2bda</run_address>
         <size>0x4e</size>
         <input_file_ref idref="fl-2"/>
      </object_component>
      <object_component id="oc-161">
         <name>.debug_info</name>
         <load_address>0x2c28</load_address>
         <run_address>0x2c28</run_address>
         <size>0x219</size>
         <input_file_ref idref="fl-3"/>
      </object_component>
      <object_component id="oc-133">
         <name>.debug_info</name>
         <load_address>0x2e41</load_address>
         <run_address>0x2e41</run_address>
         <size>0xfd</size>
         <input_file_ref idref="fl-3"/>
      </object_component>
      <object_component id="oc-15a">
         <name>.debug_info</name>
         <load_address>0x2f3e</load_address>
         <run_address>0x2f3e</run_address>
         <size>0x26a</size>
         <input_file_ref idref="fl-3"/>
      </object_component>
      <object_component id="oc-c4">
         <name>.debug_info</name>
         <load_address>0x31a8</load_address>
         <run_address>0x31a8</run_address>
         <size>0x186f</size>
         <input_file_ref idref="fl-3"/>
      </object_component>
      <object_component id="oc-153">
         <name>.debug_info</name>
         <load_address>0x4a17</load_address>
         <run_address>0x4a17</run_address>
         <size>0x353</size>
         <input_file_ref idref="fl-3"/>
      </object_component>
      <object_component id="oc-1be">
         <name>.debug_info</name>
         <load_address>0x4d6a</load_address>
         <run_address>0x4d6a</run_address>
         <size>0x110</size>
         <input_file_ref idref="fl-3"/>
      </object_component>
      <object_component id="oc-1a8">
         <name>.debug_info</name>
         <load_address>0x4e7a</load_address>
         <run_address>0x4e7a</run_address>
         <size>0x9e</size>
         <input_file_ref idref="fl-3"/>
      </object_component>
      <object_component id="oc-12b">
         <name>.debug_info</name>
         <load_address>0x4f18</load_address>
         <run_address>0x4f18</run_address>
         <size>0x68c</size>
         <input_file_ref idref="fl-4"/>
      </object_component>
      <object_component id="oc-12f">
         <name>.debug_info</name>
         <load_address>0x55a4</load_address>
         <run_address>0x55a4</run_address>
         <size>0x110</size>
         <input_file_ref idref="fl-4"/>
      </object_component>
      <object_component id="oc-9e">
         <name>.debug_info</name>
         <load_address>0x56b4</load_address>
         <run_address>0x56b4</run_address>
         <size>0x91d</size>
         <input_file_ref idref="fl-4"/>
      </object_component>
      <object_component id="oc-1ad">
         <name>.debug_info</name>
         <load_address>0x5fd1</load_address>
         <run_address>0x5fd1</run_address>
         <size>0xc8</size>
         <input_file_ref idref="fl-4"/>
      </object_component>
      <object_component id="oc-32">
         <name>.debug_info</name>
         <load_address>0x6099</load_address>
         <run_address>0x6099</run_address>
         <size>0x100</size>
         <input_file_ref idref="fl-5"/>
      </object_component>
      <object_component id="oc-10">
         <name>.debug_info</name>
         <load_address>0x6199</load_address>
         <run_address>0x6199</run_address>
         <size>0xe5</size>
         <input_file_ref idref="fl-5"/>
      </object_component>
      <object_component id="oc-2b">
         <name>.debug_info</name>
         <load_address>0x627e</load_address>
         <run_address>0x627e</run_address>
         <size>0x261</size>
         <input_file_ref idref="fl-5"/>
      </object_component>
      <object_component id="oc-77">
         <name>.debug_info</name>
         <load_address>0x64df</load_address>
         <run_address>0x64df</run_address>
         <size>0x84</size>
         <input_file_ref idref="fl-5"/>
      </object_component>
      <object_component id="oc-17c">
         <name>.debug_info</name>
         <load_address>0x6563</load_address>
         <run_address>0x6563</run_address>
         <size>0x226</size>
         <input_file_ref idref="fl-b"/>
      </object_component>
      <object_component id="oc-19b">
         <name>.debug_info</name>
         <load_address>0x6789</load_address>
         <run_address>0x6789</run_address>
         <size>0xff</size>
         <input_file_ref idref="fl-b"/>
      </object_component>
      <object_component id="oc-e8">
         <name>.debug_info</name>
         <load_address>0x6888</load_address>
         <run_address>0x6888</run_address>
         <size>0x1e1</size>
         <input_file_ref idref="fl-b"/>
      </object_component>
      <object_component id="oc-e2">
         <name>.debug_info</name>
         <load_address>0x6a69</load_address>
         <run_address>0x6a69</run_address>
         <size>0x2d4</size>
         <input_file_ref idref="fl-b"/>
      </object_component>
      <object_component id="oc-112">
         <name>.debug_info</name>
         <load_address>0x6d3d</load_address>
         <run_address>0x6d3d</run_address>
         <size>0x202</size>
         <input_file_ref idref="fl-b"/>
      </object_component>
      <object_component id="oc-234">
         <name>.debug_info</name>
         <load_address>0x6f3f</load_address>
         <run_address>0x6f3f</run_address>
         <size>0x5f</size>
         <input_file_ref idref="fl-b"/>
      </object_component>
      <object_component id="oc-193">
         <name>.debug_info</name>
         <load_address>0x6f9e</load_address>
         <run_address>0x6f9e</run_address>
         <size>0x90</size>
         <input_file_ref idref="fl-b"/>
      </object_component>
      <object_component id="oc-177">
         <name>.debug_info</name>
         <load_address>0x702e</load_address>
         <run_address>0x702e</run_address>
         <size>0x18b</size>
         <input_file_ref idref="fl-b"/>
      </object_component>
      <object_component id="oc-198">
         <name>.debug_info</name>
         <load_address>0x71b9</load_address>
         <run_address>0x71b9</run_address>
         <size>0x1c3</size>
         <input_file_ref idref="fl-c"/>
      </object_component>
      <object_component id="oc-11e">
         <name>.debug_info</name>
         <load_address>0x737c</load_address>
         <run_address>0x737c</run_address>
         <size>0x1a6</size>
         <input_file_ref idref="fl-c"/>
      </object_component>
      <object_component id="oc-10c">
         <name>.debug_info</name>
         <load_address>0x7522</load_address>
         <run_address>0x7522</run_address>
         <size>0x1a8</size>
         <input_file_ref idref="fl-c"/>
      </object_component>
      <object_component id="oc-125">
         <name>.debug_info</name>
         <load_address>0x76ca</load_address>
         <run_address>0x76ca</run_address>
         <size>0x1f4</size>
         <input_file_ref idref="fl-c"/>
      </object_component>
      <object_component id="oc-118">
         <name>.debug_info</name>
         <load_address>0x78be</load_address>
         <run_address>0x78be</run_address>
         <size>0x3c2</size>
         <input_file_ref idref="fl-c"/>
      </object_component>
      <object_component id="oc-106">
         <name>.debug_info</name>
         <load_address>0x7c80</load_address>
         <run_address>0x7c80</run_address>
         <size>0x1a6</size>
         <input_file_ref idref="fl-c"/>
      </object_component>
      <object_component id="oc-18c">
         <name>.debug_info</name>
         <load_address>0x7e26</load_address>
         <run_address>0x7e26</run_address>
         <size>0x1d7</size>
         <input_file_ref idref="fl-e"/>
      </object_component>
      <object_component id="oc-18e">
         <name>.debug_info</name>
         <load_address>0x7ffd</load_address>
         <run_address>0x7ffd</run_address>
         <size>0x10d</size>
         <input_file_ref idref="fl-e"/>
      </object_component>
      <object_component id="oc-f4">
         <name>.debug_info</name>
         <load_address>0x810a</load_address>
         <run_address>0x810a</run_address>
         <size>0x207</size>
         <input_file_ref idref="fl-e"/>
      </object_component>
      <object_component id="oc-185">
         <name>.debug_info</name>
         <load_address>0x8311</load_address>
         <run_address>0x8311</run_address>
         <size>0x217</size>
         <input_file_ref idref="fl-e"/>
      </object_component>
      <object_component id="oc-17f">
         <name>.debug_info</name>
         <load_address>0x8528</load_address>
         <run_address>0x8528</run_address>
         <size>0x312</size>
         <input_file_ref idref="fl-e"/>
      </object_component>
      <object_component id="oc-100">
         <name>.debug_info</name>
         <load_address>0x883a</load_address>
         <run_address>0x883a</run_address>
         <size>0x1dd</size>
         <input_file_ref idref="fl-e"/>
      </object_component>
      <object_component id="oc-ee">
         <name>.debug_info</name>
         <load_address>0x8a17</load_address>
         <run_address>0x8a17</run_address>
         <size>0x1eb</size>
         <input_file_ref idref="fl-e"/>
      </object_component>
      <object_component id="oc-fa">
         <name>.debug_info</name>
         <load_address>0x8c02</load_address>
         <run_address>0x8c02</run_address>
         <size>0x1e4</size>
         <input_file_ref idref="fl-e"/>
      </object_component>
      <object_component id="oc-dc">
         <name>.debug_info</name>
         <load_address>0x8de6</load_address>
         <run_address>0x8de6</run_address>
         <size>0x181</size>
         <input_file_ref idref="fl-f"/>
      </object_component>
      <object_component id="oc-d6">
         <name>.debug_info</name>
         <load_address>0x8f67</load_address>
         <run_address>0x8f67</run_address>
         <size>0x171</size>
         <input_file_ref idref="fl-f"/>
      </object_component>
      <object_component id="oc-27">
         <name>.debug_info</name>
         <load_address>0x90d8</load_address>
         <run_address>0x90d8</run_address>
         <size>0x136</size>
         <input_file_ref idref="fl-132"/>
      </object_component>
      <object_component id="oc-3e">
         <name>.debug_info</name>
         <load_address>0x920e</load_address>
         <run_address>0x920e</run_address>
         <size>0x123</size>
         <input_file_ref idref="fl-133"/>
      </object_component>
      <object_component id="oc-16">
         <name>.debug_info</name>
         <load_address>0x9331</load_address>
         <run_address>0x9331</run_address>
         <size>0x1c2</size>
         <input_file_ref idref="fl-133"/>
      </object_component>
      <object_component id="oc-39">
         <name>.debug_info</name>
         <load_address>0x94f3</load_address>
         <run_address>0x94f3</run_address>
         <size>0x46</size>
         <input_file_ref idref="fl-133"/>
      </object_component>
      <object_component id="oc-82">
         <name>.debug_info</name>
         <load_address>0x9539</load_address>
         <run_address>0x9539</run_address>
         <size>0x2c</size>
         <input_file_ref idref="fl-133"/>
      </object_component>
      <object_component id="oc-46">
         <name>.debug_info</name>
         <load_address>0x9565</load_address>
         <run_address>0x9565</run_address>
         <size>0x117</size>
         <input_file_ref idref="fl-134"/>
      </object_component>
      <object_component id="oc-40">
         <name>.debug_info</name>
         <load_address>0x967c</load_address>
         <run_address>0x967c</run_address>
         <size>0x22a</size>
         <input_file_ref idref="fl-134"/>
      </object_component>
      <object_component id="oc-19">
         <name>.debug_info</name>
         <load_address>0x98a6</load_address>
         <run_address>0x98a6</run_address>
         <size>0x194</size>
         <input_file_ref idref="fl-134"/>
      </object_component>
      <object_component id="oc-47">
         <name>.debug_info</name>
         <load_address>0x9a3a</load_address>
         <run_address>0x9a3a</run_address>
         <size>0x39</size>
         <input_file_ref idref="fl-134"/>
      </object_component>
      <object_component id="oc-8c">
         <name>.debug_info</name>
         <load_address>0x9a73</load_address>
         <run_address>0x9a73</run_address>
         <size>0x2c</size>
         <input_file_ref idref="fl-134"/>
      </object_component>
      <object_component id="oc-57">
         <name>.debug_info</name>
         <load_address>0x9a9f</load_address>
         <run_address>0x9a9f</run_address>
         <size>0x112</size>
         <input_file_ref idref="fl-135"/>
      </object_component>
      <object_component id="oc-20">
         <name>.debug_info</name>
         <load_address>0x9bb1</load_address>
         <run_address>0x9bb1</run_address>
         <size>0x18d</size>
         <input_file_ref idref="fl-135"/>
      </object_component>
      <object_component id="oc-52">
         <name>.debug_info</name>
         <load_address>0x9d3e</load_address>
         <run_address>0x9d3e</run_address>
         <size>0x46</size>
         <input_file_ref idref="fl-135"/>
      </object_component>
      <object_component id="oc-ac">
         <name>.debug_info</name>
         <load_address>0x9d84</load_address>
         <run_address>0x9d84</run_address>
         <size>0x174</size>
         <input_file_ref idref="fl-136"/>
      </object_component>
      <object_component id="oc-a9">
         <name>.debug_info</name>
         <load_address>0x9ef8</load_address>
         <run_address>0x9ef8</run_address>
         <size>0x119</size>
         <input_file_ref idref="fl-136"/>
      </object_component>
      <object_component id="oc-6b">
         <name>.debug_info</name>
         <load_address>0xa011</load_address>
         <run_address>0xa011</run_address>
         <size>0x1f0</size>
         <input_file_ref idref="fl-136"/>
      </object_component>
      <object_component id="oc-35">
         <name>.debug_info</name>
         <load_address>0xa201</load_address>
         <run_address>0xa201</run_address>
         <size>0xf8</size>
         <input_file_ref idref="fl-137"/>
      </object_component>
      <object_component id="oc-4d">
         <name>.debug_info</name>
         <load_address>0xa2f9</load_address>
         <run_address>0xa2f9</run_address>
         <size>0x126</size>
         <input_file_ref idref="fl-138"/>
      </object_component>
      <object_component id="oc-59">
         <name>.debug_info</name>
         <load_address>0xa41f</load_address>
         <run_address>0xa41f</run_address>
         <size>0x12b</size>
         <input_file_ref idref="fl-139"/>
      </object_component>
      <object_component id="oc-169">
         <name>.debug_info</name>
         <load_address>0xa54a</load_address>
         <run_address>0xa54a</run_address>
         <size>0x19e</size>
         <input_file_ref idref="fl-13a"/>
      </object_component>
      <object_component id="oc-ca">
         <name>.debug_info</name>
         <load_address>0xa6e8</load_address>
         <run_address>0xa6e8</run_address>
         <size>0x2c7</size>
         <input_file_ref idref="fl-13a"/>
      </object_component>
      <object_component id="oc-222">
         <name>.debug_info</name>
         <load_address>0xa9af</load_address>
         <run_address>0xa9af</run_address>
         <size>0x2c</size>
         <input_file_ref idref="fl-13a"/>
      </object_component>
      <object_component id="oc-71">
         <name>.debug_info</name>
         <load_address>0xa9db</load_address>
         <run_address>0xa9db</run_address>
         <size>0xec</size>
         <input_file_ref idref="fl-13b"/>
      </object_component>
      <object_component id="oc-145">
         <name>.debug_info</name>
         <load_address>0xaac7</load_address>
         <run_address>0xaac7</run_address>
         <size>0x107</size>
         <input_file_ref idref="fl-13c"/>
      </object_component>
      <object_component id="oc-a6">
         <name>.debug_info</name>
         <load_address>0xabce</load_address>
         <run_address>0xabce</run_address>
         <size>0xf6</size>
         <input_file_ref idref="fl-13c"/>
      </object_component>
      <object_component id="oc-13e">
         <name>.debug_info</name>
         <load_address>0xacc4</load_address>
         <run_address>0xacc4</run_address>
         <size>0x202</size>
         <input_file_ref idref="fl-13c"/>
      </object_component>
      <object_component id="oc-21c">
         <name>.debug_info</name>
         <load_address>0xaec6</load_address>
         <run_address>0xaec6</run_address>
         <size>0x3a9</size>
         <input_file_ref idref="fl-13d"/>
      </object_component>
      <object_component id="oc-163">
         <name>.debug_info</name>
         <load_address>0xb26f</load_address>
         <run_address>0xb26f</run_address>
         <size>0x17ec</size>
         <input_file_ref idref="fl-13d"/>
      </object_component>
      <object_component id="oc-21d">
         <name>.debug_info</name>
         <load_address>0xca5b</load_address>
         <run_address>0xca5b</run_address>
         <size>0x86</size>
         <input_file_ref idref="fl-13d"/>
      </object_component>
      <object_component id="oc-272">
         <name>.debug_info</name>
         <load_address>0xcae1</load_address>
         <run_address>0xcae1</run_address>
         <size>0x46</size>
         <input_file_ref idref="fl-13d"/>
      </object_component>
      <object_component id="oc-227">
         <name>.debug_info</name>
         <load_address>0xcb27</load_address>
         <run_address>0xcb27</run_address>
         <size>0x39</size>
         <input_file_ref idref="fl-13d"/>
      </object_component>
      <object_component id="oc-a4">
         <name>.debug_info</name>
         <load_address>0xcb60</load_address>
         <run_address>0xcb60</run_address>
         <size>0x149</size>
         <input_file_ref idref="fl-13e"/>
      </object_component>
      <object_component id="oc-68">
         <name>.debug_info</name>
         <load_address>0xcca9</load_address>
         <run_address>0xcca9</run_address>
         <size>0x14a</size>
         <input_file_ref idref="fl-13e"/>
      </object_component>
      <object_component id="oc-138">
         <name>.debug_info</name>
         <load_address>0xcdf3</load_address>
         <run_address>0xcdf3</run_address>
         <size>0x5e</size>
         <input_file_ref idref="fl-13e"/>
      </object_component>
      <object_component id="oc-26f">
         <name>.debug_info</name>
         <load_address>0xce51</load_address>
         <run_address>0xce51</run_address>
         <size>0xf7</size>
         <input_file_ref idref="fl-13f"/>
      </object_component>
      <object_component id="oc-217">
         <name>.debug_info</name>
         <load_address>0xcf48</load_address>
         <run_address>0xcf48</run_address>
         <size>0x154</size>
         <input_file_ref idref="fl-13f"/>
      </object_component>
      <object_component id="oc-9c">
         <name>.debug_info</name>
         <load_address>0xd09c</load_address>
         <run_address>0xd09c</run_address>
         <size>0x2a0</size>
         <input_file_ref idref="fl-140"/>
      </object_component>
      <object_component id="oc-5f">
         <name>.debug_info</name>
         <load_address>0xd33c</load_address>
         <run_address>0xd33c</run_address>
         <size>0x15a</size>
         <input_file_ref idref="fl-140"/>
      </object_component>
      <object_component id="oc-b9">
         <name>.debug_info</name>
         <load_address>0xd496</load_address>
         <run_address>0xd496</run_address>
         <size>0x39</size>
         <input_file_ref idref="fl-140"/>
      </object_component>
      <object_component id="oc-be">
         <name>.debug_info</name>
         <load_address>0xd4cf</load_address>
         <run_address>0xd4cf</run_address>
         <size>0xcd</size>
         <input_file_ref idref="fl-140"/>
      </object_component>
      <object_component id="oc-b6">
         <name>.debug_info</name>
         <load_address>0xd59c</load_address>
         <run_address>0xd59c</run_address>
         <size>0x1c3</size>
         <input_file_ref idref="fl-141"/>
      </object_component>
      <object_component id="oc-96">
         <name>.debug_info</name>
         <load_address>0xd75f</load_address>
         <run_address>0xd75f</run_address>
         <size>0x166</size>
         <input_file_ref idref="fl-141"/>
      </object_component>
      <object_component id="oc-14d">
         <name>.debug_info</name>
         <load_address>0xd8c5</load_address>
         <run_address>0xd8c5</run_address>
         <size>0x2c</size>
         <input_file_ref idref="fl-141"/>
      </object_component>
      <object_component id="oc-29e">
         <name>.debug_info</name>
         <load_address>0xd8f1</load_address>
         <run_address>0xd8f1</run_address>
         <size>0xd1</size>
         <input_file_ref idref="fl-142"/>
      </object_component>
      <object_component id="oc-26c">
         <name>.debug_info</name>
         <load_address>0xd9c2</load_address>
         <run_address>0xd9c2</run_address>
         <size>0xdd</size>
         <input_file_ref idref="fl-142"/>
      </object_component>
      <object_component id="oc-1f4">
         <name>.debug_info</name>
         <load_address>0xda9f</load_address>
         <run_address>0xda9f</run_address>
         <size>0x12b</size>
         <input_file_ref idref="fl-143"/>
      </object_component>
      <object_component id="oc-1cf">
         <name>.debug_info</name>
         <load_address>0xdbca</load_address>
         <run_address>0xdbca</run_address>
         <size>0x107</size>
         <input_file_ref idref="fl-144"/>
      </object_component>
      <object_component id="oc-1de">
         <name>.debug_info</name>
         <load_address>0xdcd1</load_address>
         <run_address>0xdcd1</run_address>
         <size>0x109</size>
         <input_file_ref idref="fl-144"/>
      </object_component>
      <object_component id="oc-1d9">
         <name>.debug_info</name>
         <load_address>0xddda</load_address>
         <run_address>0xddda</run_address>
         <size>0x119</size>
         <input_file_ref idref="fl-145"/>
      </object_component>
      <object_component id="oc-1d4">
         <name>.debug_info</name>
         <load_address>0xdef3</load_address>
         <run_address>0xdef3</run_address>
         <size>0x119</size>
         <input_file_ref idref="fl-146"/>
      </object_component>
      <object_component id="oc-1e3">
         <name>.debug_info</name>
         <load_address>0xe00c</load_address>
         <run_address>0xe00c</run_address>
         <size>0x10d</size>
         <input_file_ref idref="fl-147"/>
      </object_component>
      <object_component id="oc-256">
         <name>.debug_info</name>
         <load_address>0xe119</load_address>
         <run_address>0xe119</run_address>
         <size>0x16f</size>
         <input_file_ref idref="fl-148"/>
      </object_component>
      <object_component id="oc-1f8">
         <name>.debug_info</name>
         <load_address>0xe288</load_address>
         <run_address>0xe288</run_address>
         <size>0x170</size>
         <input_file_ref idref="fl-148"/>
      </object_component>
      <object_component id="oc-1ef">
         <name>.debug_info</name>
         <load_address>0xe3f8</load_address>
         <run_address>0xe3f8</run_address>
         <size>0x10b</size>
         <input_file_ref idref="fl-149"/>
      </object_component>
      <object_component id="oc-264">
         <name>.debug_info</name>
         <load_address>0xe503</load_address>
         <run_address>0xe503</run_address>
         <size>0x171</size>
         <input_file_ref idref="fl-14a"/>
      </object_component>
      <object_component id="oc-1ff">
         <name>.debug_info</name>
         <load_address>0xe674</load_address>
         <run_address>0xe674</run_address>
         <size>0x167</size>
         <input_file_ref idref="fl-14a"/>
      </object_component>
      <object_component id="oc-24c">
         <name>.debug_info</name>
         <load_address>0xe7db</load_address>
         <run_address>0xe7db</run_address>
         <size>0x12f</size>
         <input_file_ref idref="fl-14b"/>
      </object_component>
      <object_component id="oc-1e8">
         <name>.debug_info</name>
         <load_address>0xe90a</load_address>
         <run_address>0xe90a</run_address>
         <size>0x1a5</size>
         <input_file_ref idref="fl-14b"/>
      </object_component>
      <object_component id="oc-26a">
         <name>.debug_info</name>
         <load_address>0xeaaf</load_address>
         <run_address>0xeaaf</run_address>
         <size>0xd4</size>
         <input_file_ref idref="fl-14c"/>
      </object_component>
      <object_component id="oc-210">
         <name>.debug_info</name>
         <load_address>0xeb83</load_address>
         <run_address>0xeb83</run_address>
         <size>0x18e</size>
         <input_file_ref idref="fl-14c"/>
      </object_component>
      <object_component id="oc-266">
         <name>.debug_info</name>
         <load_address>0xed11</load_address>
         <run_address>0xed11</run_address>
         <size>0xd8</size>
         <input_file_ref idref="fl-14d"/>
      </object_component>
      <object_component id="oc-204">
         <name>.debug_info</name>
         <load_address>0xede9</load_address>
         <run_address>0xede9</run_address>
         <size>0x1f7</size>
         <input_file_ref idref="fl-14d"/>
      </object_component>
      <object_component id="oc-245">
         <name>.debug_info</name>
         <load_address>0xefe0</load_address>
         <run_address>0xefe0</run_address>
         <size>0xcd</size>
         <input_file_ref idref="fl-14e"/>
      </object_component>
      <object_component id="oc-1c9">
         <name>.debug_info</name>
         <load_address>0xf0ad</load_address>
         <run_address>0xf0ad</run_address>
         <size>0x1dd</size>
         <input_file_ref idref="fl-14e"/>
      </object_component>
      <object_component id="oc-1c5">
         <name>.debug_info</name>
         <load_address>0xf28a</load_address>
         <run_address>0xf28a</run_address>
         <size>0x164</size>
         <input_file_ref idref="fl-14f"/>
      </object_component>
      <object_component id="oc-268">
         <name>.debug_info</name>
         <load_address>0xf3ee</load_address>
         <run_address>0xf3ee</run_address>
         <size>0x122</size>
         <input_file_ref idref="fl-150"/>
      </object_component>
      <object_component id="oc-20a">
         <name>.debug_info</name>
         <load_address>0xf510</load_address>
         <run_address>0xf510</run_address>
         <size>0x13c</size>
         <input_file_ref idref="fl-150"/>
      </object_component>
      <object_component id="oc-289">
         <name>.debug_info</name>
         <load_address>0xf64c</load_address>
         <run_address>0xf64c</run_address>
         <size>0x182</size>
         <input_file_ref idref="fl-151"/>
      </object_component>
      <object_component id="oc-259">
         <name>.debug_info</name>
         <load_address>0xf7ce</load_address>
         <run_address>0xf7ce</run_address>
         <size>0x194</size>
         <input_file_ref idref="fl-151"/>
      </object_component>
      <object_component id="oc-2a7">
         <name>.debug_info</name>
         <load_address>0xf962</load_address>
         <run_address>0xf962</run_address>
         <size>0x86</size>
         <input_file_ref idref="fl-151"/>
      </object_component>
      <object_component id="oc-282">
         <name>.debug_info</name>
         <load_address>0xf9e8</load_address>
         <run_address>0xf9e8</run_address>
         <size>0x16c</size>
         <input_file_ref idref="fl-152"/>
      </object_component>
      <object_component id="oc-251">
         <name>.debug_info</name>
         <load_address>0xfb54</load_address>
         <run_address>0xfb54</run_address>
         <size>0x175</size>
         <input_file_ref idref="fl-152"/>
      </object_component>
      <object_component id="oc-25f">
         <name>.debug_info</name>
         <load_address>0xfcc9</load_address>
         <run_address>0xfcc9</run_address>
         <size>0x155</size>
         <input_file_ref idref="fl-153"/>
      </object_component>
      <object_component id="oc-286">
         <name>.debug_info</name>
         <load_address>0xfe1e</load_address>
         <run_address>0xfe1e</run_address>
         <size>0x1b7</size>
         <input_file_ref idref="fl-154"/>
      </object_component>
      <object_component id="oc-291">
         <name>.debug_info</name>
         <load_address>0xffd5</load_address>
         <run_address>0xffd5</run_address>
         <size>0xd8</size>
         <input_file_ref idref="fl-155"/>
      </object_component>
      <object_component id="oc-2cd">
         <name>.debug_info</name>
         <load_address>0x100ad</load_address>
         <run_address>0x100ad</run_address>
         <size>0x1af</size>
         <input_file_ref idref="fl-156"/>
      </object_component>
      <object_component id="oc-2b5">
         <name>.debug_info</name>
         <load_address>0x1025c</load_address>
         <run_address>0x1025c</run_address>
         <size>0x110</size>
         <input_file_ref idref="fl-156"/>
      </object_component>
      <object_component id="oc-28c">
         <name>.debug_info</name>
         <load_address>0x1036c</load_address>
         <run_address>0x1036c</run_address>
         <size>0x171</size>
         <input_file_ref idref="fl-156"/>
      </object_component>
      <object_component id="oc-2c8">
         <name>.debug_info</name>
         <load_address>0x104dd</load_address>
         <run_address>0x104dd</run_address>
         <size>0x6f</size>
         <input_file_ref idref="fl-156"/>
      </object_component>
      <object_component id="oc-2c5">
         <name>.debug_info</name>
         <load_address>0x1054c</load_address>
         <run_address>0x1054c</run_address>
         <size>0xff</size>
         <input_file_ref idref="fl-157"/>
      </object_component>
      <object_component id="oc-2af">
         <name>.debug_info</name>
         <load_address>0x1064b</load_address>
         <run_address>0x1064b</run_address>
         <size>0x156</size>
         <input_file_ref idref="fl-157"/>
      </object_component>
      <object_component id="oc-2d6">
         <name>.debug_info</name>
         <load_address>0x107a1</load_address>
         <run_address>0x107a1</run_address>
         <size>0x2c</size>
         <input_file_ref idref="fl-157"/>
      </object_component>
      <object_component id="oc-2d3">
         <name>.debug_info</name>
         <load_address>0x107cd</load_address>
         <run_address>0x107cd</run_address>
         <size>0x11f</size>
         <input_file_ref idref="fl-158"/>
      </object_component>
      <object_component id="oc-2d0">
         <name>.debug_info</name>
         <load_address>0x108ec</load_address>
         <run_address>0x108ec</run_address>
         <size>0xdd</size>
         <input_file_ref idref="fl-158"/>
      </object_component>
      <object_component id="oc-2bf">
         <name>.debug_info</name>
         <load_address>0x109c9</load_address>
         <run_address>0x109c9</run_address>
         <size>0x16c</size>
         <input_file_ref idref="fl-158"/>
      </object_component>
      <object_component id="oc-2a2">
         <name>.debug_info</name>
         <load_address>0x10b35</load_address>
         <run_address>0x10b35</run_address>
         <size>0x137</size>
         <input_file_ref idref="fl-159"/>
      </object_component>
      <object_component id="oc-27c">
         <name>.debug_info</name>
         <load_address>0x10c6c</load_address>
         <run_address>0x10c6c</run_address>
         <size>0x14f</size>
         <input_file_ref idref="fl-159"/>
      </object_component>
      <object_component id="oc-307">
         <name>.debug_info</name>
         <load_address>0x10dbb</load_address>
         <run_address>0x10dbb</run_address>
         <size>0x9f</size>
      </object_component>
      <object_component id="oc-231">
         <name>.debug_line</name>
         <load_address>0x0</load_address>
         <run_address>0x0</run_address>
         <size>0x5b</size>
         <input_file_ref idref="fl-2"/>
      </object_component>
      <object_component id="oc-22f">
         <name>.debug_line</name>
         <load_address>0x5b</load_address>
         <run_address>0x5b</run_address>
         <size>0x57</size>
         <input_file_ref idref="fl-2"/>
      </object_component>
      <object_component id="oc-d3">
         <name>.debug_line</name>
         <load_address>0xb2</load_address>
         <run_address>0xb2</run_address>
         <size>0x5f7</size>
         <input_file_ref idref="fl-2"/>
      </object_component>
      <object_component id="oc-1a6">
         <name>.debug_line</name>
         <load_address>0x6a9</load_address>
         <run_address>0x6a9</run_address>
         <size>0x5b</size>
         <input_file_ref idref="fl-2"/>
      </object_component>
      <object_component id="oc-b3">
         <name>.debug_line</name>
         <load_address>0x704</load_address>
         <run_address>0x704</run_address>
         <size>0x20</size>
         <input_file_ref idref="fl-2"/>
      </object_component>
      <object_component id="oc-7f">
         <name>.debug_line</name>
         <load_address>0x724</load_address>
         <run_address>0x724</run_address>
         <size>0x60</size>
         <input_file_ref idref="fl-2"/>
      </object_component>
      <object_component id="oc-16d">
         <name>.debug_line</name>
         <load_address>0x784</load_address>
         <run_address>0x784</run_address>
         <size>0x60</size>
         <input_file_ref idref="fl-2"/>
      </object_component>
      <object_component id="oc-1bd">
         <name>.debug_line</name>
         <load_address>0x7e4</load_address>
         <run_address>0x7e4</run_address>
         <size>0xe0</size>
         <input_file_ref idref="fl-3"/>
      </object_component>
      <object_component id="oc-1b6">
         <name>.debug_line</name>
         <load_address>0x8c4</load_address>
         <run_address>0x8c4</run_address>
         <size>0x65</size>
         <input_file_ref idref="fl-3"/>
      </object_component>
      <object_component id="oc-15d">
         <name>.debug_line</name>
         <load_address>0x929</load_address>
         <run_address>0x929</run_address>
         <size>0xbc</size>
         <input_file_ref idref="fl-3"/>
      </object_component>
      <object_component id="oc-c7">
         <name>.debug_line</name>
         <load_address>0x9e5</load_address>
         <run_address>0x9e5</run_address>
         <size>0x2eb</size>
         <input_file_ref idref="fl-3"/>
      </object_component>
      <object_component id="oc-156">
         <name>.debug_line</name>
         <load_address>0xcd0</load_address>
         <run_address>0xcd0</run_address>
         <size>0xfa</size>
         <input_file_ref idref="fl-3"/>
      </object_component>
      <object_component id="oc-1c1">
         <name>.debug_line</name>
         <load_address>0xdca</load_address>
         <run_address>0xdca</run_address>
         <size>0x60</size>
         <input_file_ref idref="fl-3"/>
      </object_component>
      <object_component id="oc-1ab">
         <name>.debug_line</name>
         <load_address>0xe2a</load_address>
         <run_address>0xe2a</run_address>
         <size>0x65</size>
         <input_file_ref idref="fl-3"/>
      </object_component>
      <object_component id="oc-1a2">
         <name>.debug_line</name>
         <load_address>0xe8f</load_address>
         <run_address>0xe8f</run_address>
         <size>0x20c</size>
         <input_file_ref idref="fl-4"/>
      </object_component>
      <object_component id="oc-1b4">
         <name>.debug_line</name>
         <load_address>0x109b</load_address>
         <run_address>0x109b</run_address>
         <size>0x2d</size>
         <input_file_ref idref="fl-4"/>
      </object_component>
      <object_component id="oc-a1">
         <name>.debug_line</name>
         <load_address>0x10c8</load_address>
         <run_address>0x10c8</run_address>
         <size>0x14b</size>
         <input_file_ref idref="fl-4"/>
      </object_component>
      <object_component id="oc-1b0">
         <name>.debug_line</name>
         <load_address>0x1213</load_address>
         <run_address>0x1213</run_address>
         <size>0x5f</size>
         <input_file_ref idref="fl-4"/>
      </object_component>
      <object_component id="oc-76">
         <name>.debug_line</name>
         <load_address>0x1272</load_address>
         <run_address>0x1272</run_address>
         <size>0x41</size>
         <input_file_ref idref="fl-5"/>
      </object_component>
      <object_component id="oc-31">
         <name>.debug_line</name>
         <load_address>0x12b3</load_address>
         <run_address>0x12b3</run_address>
         <size>0x41</size>
         <input_file_ref idref="fl-5"/>
      </object_component>
      <object_component id="oc-2e">
         <name>.debug_line</name>
         <load_address>0x12f4</load_address>
         <run_address>0x12f4</run_address>
         <size>0xa1</size>
         <input_file_ref idref="fl-5"/>
      </object_component>
      <object_component id="oc-7a">
         <name>.debug_line</name>
         <load_address>0x1395</load_address>
         <run_address>0x1395</run_address>
         <size>0x20</size>
         <input_file_ref idref="fl-5"/>
      </object_component>
      <object_component id="oc-233">
         <name>.debug_line</name>
         <load_address>0x13b5</load_address>
         <run_address>0x13b5</run_address>
         <size>0xc8</size>
         <input_file_ref idref="fl-b"/>
      </object_component>
      <object_component id="oc-242">
         <name>.debug_line</name>
         <load_address>0x147d</load_address>
         <run_address>0x147d</run_address>
         <size>0x58</size>
         <input_file_ref idref="fl-b"/>
      </object_component>
      <object_component id="oc-eb">
         <name>.debug_line</name>
         <load_address>0x14d5</load_address>
         <run_address>0x14d5</run_address>
         <size>0x6d</size>
         <input_file_ref idref="fl-b"/>
      </object_component>
      <object_component id="oc-e5">
         <name>.debug_line</name>
         <load_address>0x1542</load_address>
         <run_address>0x1542</run_address>
         <size>0xd2</size>
         <input_file_ref idref="fl-b"/>
      </object_component>
      <object_component id="oc-115">
         <name>.debug_line</name>
         <load_address>0x1614</load_address>
         <run_address>0x1614</run_address>
         <size>0xc8</size>
         <input_file_ref idref="fl-b"/>
      </object_component>
      <object_component id="oc-237">
         <name>.debug_line</name>
         <load_address>0x16dc</load_address>
         <run_address>0x16dc</run_address>
         <size>0x58</size>
         <input_file_ref idref="fl-b"/>
      </object_component>
      <object_component id="oc-196">
         <name>.debug_line</name>
         <load_address>0x1734</load_address>
         <run_address>0x1734</run_address>
         <size>0x20</size>
         <input_file_ref idref="fl-b"/>
      </object_component>
      <object_component id="oc-17a">
         <name>.debug_line</name>
         <load_address>0x1754</load_address>
         <run_address>0x1754</run_address>
         <size>0x5e</size>
         <input_file_ref idref="fl-b"/>
      </object_component>
      <object_component id="oc-240">
         <name>.debug_line</name>
         <load_address>0x17b2</load_address>
         <run_address>0x17b2</run_address>
         <size>0x5b</size>
         <input_file_ref idref="fl-c"/>
      </object_component>
      <object_component id="oc-121">
         <name>.debug_line</name>
         <load_address>0x180d</load_address>
         <run_address>0x180d</run_address>
         <size>0x6a</size>
         <input_file_ref idref="fl-c"/>
      </object_component>
      <object_component id="oc-10f">
         <name>.debug_line</name>
         <load_address>0x1877</load_address>
         <run_address>0x1877</run_address>
         <size>0x6a</size>
         <input_file_ref idref="fl-c"/>
      </object_component>
      <object_component id="oc-128">
         <name>.debug_line</name>
         <load_address>0x18e1</load_address>
         <run_address>0x18e1</run_address>
         <size>0x6f</size>
         <input_file_ref idref="fl-c"/>
      </object_component>
      <object_component id="oc-11b">
         <name>.debug_line</name>
         <load_address>0x1950</load_address>
         <run_address>0x1950</run_address>
         <size>0x7b</size>
         <input_file_ref idref="fl-c"/>
      </object_component>
      <object_component id="oc-109">
         <name>.debug_line</name>
         <load_address>0x19cb</load_address>
         <run_address>0x19cb</run_address>
         <size>0x6a</size>
         <input_file_ref idref="fl-c"/>
      </object_component>
      <object_component id="oc-23c">
         <name>.debug_line</name>
         <load_address>0x1a35</load_address>
         <run_address>0x1a35</run_address>
         <size>0x5b</size>
         <input_file_ref idref="fl-e"/>
      </object_component>
      <object_component id="oc-23e">
         <name>.debug_line</name>
         <load_address>0x1a90</load_address>
         <run_address>0x1a90</run_address>
         <size>0x56</size>
         <input_file_ref idref="fl-e"/>
      </object_component>
      <object_component id="oc-f7">
         <name>.debug_line</name>
         <load_address>0x1ae6</load_address>
         <run_address>0x1ae6</run_address>
         <size>0x6b</size>
         <input_file_ref idref="fl-e"/>
      </object_component>
      <object_component id="oc-188">
         <name>.debug_line</name>
         <load_address>0x1b51</load_address>
         <run_address>0x1b51</run_address>
         <size>0x6e</size>
         <input_file_ref idref="fl-e"/>
      </object_component>
      <object_component id="oc-182">
         <name>.debug_line</name>
         <load_address>0x1bbf</load_address>
         <run_address>0x1bbf</run_address>
         <size>0xb0</size>
         <input_file_ref idref="fl-e"/>
      </object_component>
      <object_component id="oc-103">
         <name>.debug_line</name>
         <load_address>0x1c6f</load_address>
         <run_address>0x1c6f</run_address>
         <size>0x6c</size>
         <input_file_ref idref="fl-e"/>
      </object_component>
      <object_component id="oc-f1">
         <name>.debug_line</name>
         <load_address>0x1cdb</load_address>
         <run_address>0x1cdb</run_address>
         <size>0x72</size>
         <input_file_ref idref="fl-e"/>
      </object_component>
      <object_component id="oc-fd">
         <name>.debug_line</name>
         <load_address>0x1d4d</load_address>
         <run_address>0x1d4d</run_address>
         <size>0x80</size>
         <input_file_ref idref="fl-e"/>
      </object_component>
      <object_component id="oc-df">
         <name>.debug_line</name>
         <load_address>0x1dcd</load_address>
         <run_address>0x1dcd</run_address>
         <size>0x67</size>
         <input_file_ref idref="fl-f"/>
      </object_component>
      <object_component id="oc-d9">
         <name>.debug_line</name>
         <load_address>0x1e34</load_address>
         <run_address>0x1e34</run_address>
         <size>0x67</size>
         <input_file_ref idref="fl-f"/>
      </object_component>
      <object_component id="oc-26">
         <name>.debug_line</name>
         <load_address>0x1e9b</load_address>
         <run_address>0x1e9b</run_address>
         <size>0x52</size>
         <input_file_ref idref="fl-132"/>
      </object_component>
      <object_component id="oc-88">
         <name>.debug_line</name>
         <load_address>0x1eed</load_address>
         <run_address>0x1eed</run_address>
         <size>0x72</size>
         <input_file_ref idref="fl-133"/>
      </object_component>
[...]
      </symbol>
      <symbol id="sm-c2">
         <name>drawRect</name>
         <value>0x9cd</value>
         <object_component_ref idref="oc-cf"/>
      </symbol>
      <symbol id="sm-c3">
         <name>drawBitmap</name>
         <value>0x10b5</value>
         <object_component_ref idref="oc-cf"/>
      </symbol>
      <symbol id="sm-c4">
         <name>setTextWrap</name>
         <value>0x1503</value>
         <object_component_ref idref="oc-cf"/>
      </symbol>
      <symbol id="sm-c5">
         <name>drawChar</name>
         <value>0x12cf</value>
         <object_component_ref idref="oc-cf"/>
      </symbol>
      <symbol id="sm-c6">
         <name>height</name>
         <value>0x158d</value>
         <object_component_ref idref="oc-cf"/>
      </symbol>
      <symbol id="sm-149">
         <name>startscrolldiagleft</name>
         <value>0x2a39</value>
         <object_component_ref idref="oc-c3"/>
      </symbol>
      <symbol id="sm-14a">
         <name>buffer</name>
         <value>0x20000800</value>
         <object_component_ref idref="oc-132"/>
      </symbol>
      <symbol id="sm-14b">
         <name>drawPixel</name>
         <value>0x27c3</value>
         <object_component_ref idref="oc-c3"/>
      </symbol>
      <symbol id="sm-14c">
         <name>drawFastHLine</name>
         <value>0x2b01</value>
         <object_component_ref idref="oc-c3"/>
      </symbol>
      <symbol id="sm-14d">
         <name>dim</name>
         <value>0x2aa9</value>
         <object_component_ref idref="oc-c3"/>
      </symbol>
      <symbol id="sm-14e">
         <name>invertDisplay</name>
         <value>0x27a1</value>
         <object_component_ref idref="oc-c3"/>
      </symbol>
      <symbol id="sm-14f">
         <name>postmask$drawFastVLineInternal_1</name>
         <value>0x20000d40</value>
         <object_component_ref idref="oc-1bb"/>
      </symbol>
      <symbol id="sm-150">
         <name>startscrolldiagright</name>
         <value>0x29d7</value>
         <object_component_ref idref="oc-c3"/>
      </symbol>
      <symbol id="sm-151">
         <name>stopscroll</name>
         <value>0x2a9b</value>
         <object_component_ref idref="oc-c3"/>
      </symbol>
      <symbol id="sm-152">
         <name>ssd1306_begin</name>
         <value>0x2681</value>
         <object_component_ref idref="oc-c3"/>
      </symbol>
      <symbol id="sm-153">
         <name>premask$drawFastVLineInternal_1</name>
         <value>0x20000d48</value>
         <object_component_ref idref="oc-1ba"/>
      </symbol>
      <symbol id="sm-154">
         <name>drawFastVLineInternal</name>
         <value>0x3465</value>
         <object_component_ref idref="oc-152"/>
      </symbol>
      <symbol id="sm-155">
         <name>startscrollleft</name>
         <value>0x2985</value>
         <object_component_ref idref="oc-c3"/>
      </symbol>
      <symbol id="sm-156">
         <name>clearDisplay</name>
         <value>0x2aeb</value>
         <object_component_ref idref="oc-c3"/>
      </symbol>
      <symbol id="sm-157">
         <name>ssd1306_init</name>
         <value>0x265b</value>
         <object_component_ref idref="oc-c3"/>
      </symbol>
      <symbol id="sm-158">
         <name>drawFastVLine</name>
         <value>0x2c13</value>
         <object_component_ref idref="oc-c3"/>
      </symbol>
      <symbol id="sm-159">
         <name>startscrollright</name>
         <value>0x2933</value>
         <object_component_ref idref="oc-c3"/>
      </symbol>
      <symbol id="sm-15a">
         <name>drawFastHLineInternal</name>
         <value>0x3a39</value>
         <object_component_ref idref="oc-159"/>
      </symbol>
      <symbol id="sm-19d">
         <name>strbuffer</name>
         <value>0x20000d70</value>
      </symbol>
      <symbol id="sm-19e">
         <name>sAdafruit_GFX</name>
         <value>0x20000d90</value>
      </symbol>
      <symbol id="sm-19f">
         <name>ssd1306</name>
         <value>0x20000dac</value>
      </symbol>
      <symbol id="sm-1a0">
         <name>hardware_init</name>
         <value>0x2e2d</value>
         <object_component_ref idref="oc-9d"/>
      </symbol>
      <symbol id="sm-1a1">
         <name>fmtS</name>
         <value>0x20000d30</value>
         <object_component_ref idref="oc-12e"/>
      </symbol>
      <symbol id="sm-1a2">
         <name>fmtB</name>
         <value>0x20000d38</value>
         <object_component_ref idref="oc-12e"/>
      </symbol>
      <symbol id="sm-1a3">
         <name>fmtA</name>
         <value>0x20000d34</value>
         <object_component_ref idref="oc-12e"/>
      </symbol>
      <symbol id="sm-1a4">
         <name>ssd1306_TopNRows</name>
         <value>0x2fd9</value>
         <object_component_ref idref="oc-9d"/>
      </symbol>
      <symbol id="sm-1a5">
         <name>main</name>
         <value>0x2d25</value>
         <object_component_ref idref="oc-9d"/>
      </symbol>
      <symbol id="sm-1a6">
         <name>ssd1306_command</name>
         <value>0x2ef9</value>
         <object_component_ref idref="oc-9d"/>
      </symbol>
      <symbol id="sm-1a7">
         <name>fmtadc</name>
         <value>0x20000d3c</value>
         <object_component_ref idref="oc-12e"/>
      </symbol>
      <symbol id="sm-1a8">
         <name>ssd1306_display</name>
         <value>0x2f53</value>
         <object_component_ref idref="oc-9d"/>
      </symbol>
      <symbol id="sm-1a9">
         <name>ssd1306_data</name>
         <value>0x2f25</value>
         <object_component_ref idref="oc-9d"/>
      </symbol>
      <symbol id="sm-1ca">
         <name>ResetISR</name>
         <value>0x46c5</value>
         <object_component_ref idref="oc-2a"/>
      </symbol>
      <symbol id="sm-1cb">
         <name>g_pfnVectors</name>
         <value>0x0</value>
         <object_component_ref idref="oc-f"/>
      </symbol>
      <symbol id="sm-225">
         <name>SysCtlClockSet</name>
         <value>0x3935</value>
         <object_component_ref idref="oc-e1"/>
      </symbol>
      <symbol id="sm-226">
         <name>SysCtlDelay</name>
         <value>0x46f3</value>
         <object_component_ref idref="oc-123"/>
      </symbol>
      <symbol id="sm-227">
         <name>SysCtlPeripheralEnable</name>
         <value>0x4461</value>
         <object_component_ref idref="oc-e7"/>
      </symbol>
      <symbol id="sm-228">
         <name>SysCtlClockGet</name>
         <value>0x3c35</value>
         <object_component_ref idref="oc-111"/>
      </symbol>
      <symbol id="sm-259">
         <name>SSIDataPutNonBlocking</name>
         <value>0x469d</value>
         <object_component_ref idref="oc-124"/>
      </symbol>
      <symbol id="sm-25a">
         <name>SSIConfigSetExpClk</name>
         <value>0x43dd</value>
         <object_component_ref idref="oc-117"/>
      </symbol>
      <symbol id="sm-25b">
         <name>SSIEnable</name>
         <value>0x46db</value>
         <object_component_ref idref="oc-11d"/>
      </symbol>
      <symbol id="sm-25c">
         <name>SSIBusy</name>
         <value>0x46e5</value>
         <object_component_ref idref="oc-105"/>
      </symbol>
      <symbol id="sm-25d">
         <name>SSIDisable</name>
         <value>0x46d1</value>
         <object_component_ref idref="oc-10b"/>
      </symbol>
      <symbol id="sm-2a6">
         <name>GPIOPinConfigure</name>
         <value>0x4309</value>
         <object_component_ref idref="oc-f9"/>
      </symbol>
      <symbol id="sm-2a7">
         <name>GPIOPinTypeGPIOOutput</name>
         <value>0x45f5</value>
         <object_component_ref idref="oc-ed"/>
      </symbol>
      <symbol id="sm-2a8">
         <name>GPIODirModeSet</name>
         <value>0x4585</value>
         <object_component_ref idref="oc-184"/>
      </symbol>
      <symbol id="sm-2a9">
         <name>GPIOPinWrite</name>
         <value>0x46ed</value>
         <object_component_ref idref="oc-f3"/>
      </symbol>
      <symbol id="sm-2aa">
         <name>GPIOPadConfigSet</name>
         <value>0x36f3</value>
         <object_component_ref idref="oc-17e"/>
      </symbol>
      <symbol id="sm-2ab">
         <name>GPIOPinTypeSSI</name>
         <value>0x4679</value>
         <object_component_ref idref="oc-ff"/>
      </symbol>
      <symbol id="sm-2c1">
         <name>FPUStackingEnable</name>
         <value>0x463d</value>
         <object_component_ref idref="oc-db"/>
      </symbol>
      <symbol id="sm-2c2">
         <name>FPUEnable</name>
         <value>0x468d</value>
         <object_component_ref idref="oc-d5"/>
      </symbol>
      <symbol id="sm-2d5">
         <name>_c_int00</name>
         <value>0x4221</value>
         <object_component_ref idref="oc-24"/>
      </symbol>
      <symbol id="sm-2d6">
         <name>__stack</name>
         <value>0x20000000</value>
         <object_component_ref idref="oc-29"/>
      </symbol>
      <symbol id="sm-2ed">
         <name>__TI_decompress_none</name>
         <value>0x46ab</value>
         <object_component_ref idref="oc-12"/>
      </symbol>
      <symbol id="sm-315">
         <name>__TI_decompress_rle24</name>
         <value>0x46f9</value>
         <object_component_ref idref="oc-18"/>
      </symbol>
      <symbol id="sm-327">
         <name>__TI_zero_init</name>
         <value>0x46b9</value>
         <object_component_ref idref="oc-1e"/>
      </symbol>
      <symbol id="sm-346">
         <name>C$$EXIT</name>
         <value>0x4399</value>
         <object_component_ref idref="oc-6a"/>
      </symbol>
      <symbol id="sm-347">
         <name>abort</name>
         <value>0x439d</value>
         <object_component_ref idref="oc-6a"/>
      </symbol>
      <symbol id="sm-348">
         <name>exit</name>
         <value>0x43a5</value>
         <object_component_ref idref="oc-6a"/>
      </symbol>
      <symbol id="sm-349">
         <name>__TI_dtors_ptr</name>
         <value>0x20000d5c</value>
         <object_component_ref idref="oc-a8"/>
      </symbol>
      <symbol id="sm-34a">
         <name>__TI_cleanup_ptr</name>
         <value>0x20000d58</value>
         <object_component_ref idref="oc-a8"/>
      </symbol>
      <symbol id="sm-365">
         <name>memcpy</name>
         <value>0x3dbb</value>
         <object_component_ref idref="oc-33"/>
      </symbol>
      <symbol id="sm-366">
         <name>__aeabi_memcpy</name>
         <value>0x3dbb</value>
         <object_component_ref idref="oc-33"/>
      </symbol>
      <symbol id="sm-367">
         <name>__aeabi_memcpy8</name>
         <value>0x3dbb</value>
         <object_component_ref idref="oc-33"/>
      </symbol>
      <symbol id="sm-368">
         <name>__aeabi_memcpy4</name>
         <value>0x3dbb</value>
         <object_component_ref idref="oc-33"/>
      </symbol>
      <symbol id="sm-377">
         <name>__aeabi_memset</name>
         <value>0x3f65</value>
         <object_component_ref idref="oc-4c"/>
      </symbol>
      <symbol id="sm-378">
         <name>memset</name>
         <value>0x3f6b</value>
         <object_component_ref idref="oc-4c"/>
      </symbol>
      <symbol id="sm-379">
         <name>__aeabi_memset8</name>
         <value>0x3f65</value>
         <object_component_ref idref="oc-4c"/>
      </symbol>
      <symbol id="sm-37a">
         <name>__aeabi_memset4</name>
         <value>0x3f65</value>
         <object_component_ref idref="oc-4c"/>
      </symbol>
      <symbol id="sm-37b">
         <name>__aeabi_memclr8</name>
         <value>0x3f63</value>
         <object_component_ref idref="oc-4c"/>
      </symbol>
      <symbol id="sm-37c">
         <name>__aeabi_memclr4</name>
         <value>0x3f63</value>
         <object_component_ref idref="oc-4c"/>
      </symbol>
      <symbol id="sm-37d">
         <name>__aeabi_memclr</name>
         <value>0x3f63</value>
         <object_component_ref idref="oc-4c"/>
      </symbol>
      <symbol id="sm-387">
         <name>_system_pre_init</name>
         <value>0x46ff</value>
         <object_component_ref idref="oc-58"/>
      </symbol>
      <symbol id="sm-3a0">
         <name>sprintf</name>
         <value>0x4119</value>
         <object_component_ref idref="oc-c9"/>
      </symbol>
      <symbol id="sm-3a8">
         <name>main_func_sp</name>
         <value>0x20000d6c</value>
         <object_component_ref idref="oc-70"/>
      </symbol>
      <symbol id="sm-3c1">
         <name>_nop</name>
         <value>0x465f</value>
         <object_component_ref idref="oc-13d"/>
      </symbol>
      <symbol id="sm-3c2">
         <name>_lock</name>
         <value>0x20000d50</value>
         <object_component_ref idref="oc-a5"/>
      </symbol>
      <symbol id="sm-3c3">
         <name>_unlock</name>
         <value>0x20000d54</value>
         <object_component_ref idref="oc-a5"/>
      </symbol>
      <symbol id="sm-3c4">
         <name>_register_lock</name>
         <value>0x4657</value>
         <object_component_ref idref="oc-13d"/>
      </symbol>
      <symbol id="sm-3c5">
         <name>_register_unlock</name>
         <value>0x4651</value>
         <object_component_ref idref="oc-13d"/>
      </symbol>
      <symbol id="sm-4ca">
         <name>__TI_printfi</name>
         <value>0x2355</value>
         <object_component_ref idref="oc-162"/>
      </symbol>
      <symbol id="sm-4df">
         <name>_args_main</name>
         <value>0x460d</value>
         <object_component_ref idref="oc-64"/>
      </symbol>
      <symbol id="sm-4f5">
         <name>atoi</name>
         <value>0x4271</value>
         <object_component_ref idref="oc-215"/>
      </symbol>
      <symbol id="sm-51b">
         <name>__TI_auto_init</name>
         <value>0x3fdd</value>
         <object_component_ref idref="oc-5e"/>
      </symbol>
      <symbol id="sm-535">
         <name>copy_in</name>
         <value>0x42bd</value>
         <object_component_ref idref="oc-95"/>
      </symbol>
      <symbol id="sm-540">
         <name>_ctypes_</name>
         <value>0x4bff</value>
         <object_component_ref idref="oc-26b"/>
      </symbol>
      <symbol id="sm-564">
         <name>__aeabi_dsub</name>
         <value>0x32ad</value>
         <object_component_ref idref="oc-1f2"/>
      </symbol>
      <symbol id="sm-565">
         <name>__aeabi_dadd</name>
         <value>0x32b7</value>
         <object_component_ref idref="oc-1f2"/>
      </symbol>
      <symbol id="sm-58c">
         <name>__aeabi_cdcmpeq</name>
         <value>0x3e57</value>
         <object_component_ref idref="oc-1ce"/>
      </symbol>
      <symbol id="sm-58d">
         <name>__aeabi_cdcmple</name>
         <value>0x3e57</value>
         <object_component_ref idref="oc-1ce"/>
      </symbol>
      <symbol id="sm-58e">
         <name>__aeabi_cdrcmple</name>
         <value>0x3edd</value>
         <object_component_ref idref="oc-1dd"/>
      </symbol>
      <symbol id="sm-5ae">
         <name>__aeabi_ddiv</name>
         <value>0x35bd</value>
         <object_component_ref idref="oc-1d8"/>
      </symbol>
      <symbol id="sm-5c5">
         <name>__aeabi_dmul</name>
         <value>0x3b37</value>
         <object_component_ref idref="oc-1d3"/>
      </symbol>
      <symbol id="sm-5d3">
         <name>__aeabi_d2iz</name>
         <value>0x4351</value>
         <object_component_ref idref="oc-1e2"/>
      </symbol>
      <symbol id="sm-5e0">
         <name>frexp</name>
         <value>0x45af</value>
         <object_component_ref idref="oc-1f7"/>
      </symbol>
      <symbol id="sm-5ec">
         <name>__aeabi_i2d</name>
         <value>0x4529</value>
         <object_component_ref idref="oc-1ed"/>
      </symbol>
      <symbol id="sm-5fd">
         <name>ldexp</name>
         <value>0x41cf</value>
         <object_component_ref idref="oc-1fd"/>
      </symbol>
      <symbol id="sm-60c">
         <name>ltoa</name>
         <value>0x4179</value>
         <object_component_ref idref="oc-1e7"/>
      </symbol>
      <symbol id="sm-61c">
         <name>memccpy</name>
         <value>0x45d9</value>
         <object_component_ref idref="oc-20f"/>
      </symbol>
      <symbol id="sm-62c">
         <name>strchr</name>
         <value>0x4625</value>
         <object_component_ref idref="oc-203"/>
      </symbol>
      <symbol id="sm-63a">
         <name>strlen</name>
         <value>0x4665</value>
         <object_component_ref idref="oc-1c8"/>
      </symbol>
      <symbol id="sm-664">
         <name>__aeabi_uldivmod</name>
         <value>0x30b9</value>
         <object_component_ref idref="oc-1c3"/>
      </symbol>
      <symbol id="sm-672">
         <name>_Dclass</name>
         <value>0x44c9</value>
         <object_component_ref idref="oc-209"/>
      </symbol>
      <symbol id="sm-693">
         <name>_Dscale</name>
         <value>0x3825</value>
         <object_component_ref idref="oc-257"/>
      </symbol>
      <symbol id="sm-6a7">
         <name>_Dunscale</name>
         <value>0x40b3</value>
         <object_component_ref idref="oc-24f"/>
      </symbol>
      <symbol id="sm-6b6">
         <name>_Feraise</name>
         <value>0x44f9</value>
         <object_component_ref idref="oc-25d"/>
      </symbol>
      <symbol id="sm-6c6">
         <name>_Rteps</name>
         <value>0x20000d10</value>
         <object_component_ref idref="oc-285"/>
      </symbol>
      <symbol id="sm-6c7">
         <name>_Zero</name>
         <value>0x20000d28</value>
         <object_component_ref idref="oc-285"/>
      </symbol>
      <symbol id="sm-6c8">
         <name>_Hugeval</name>
         <value>0x20000cd0</value>
         <object_component_ref idref="oc-285"/>
      </symbol>
      <symbol id="sm-6c9">
         <name>_Snan</name>
         <value>0x20000d00</value>
         <object_component_ref idref="oc-285"/>
      </symbol>
      <symbol id="sm-6ca">
         <name>_Nan</name>
         <value>0x20000cf0</value>
         <object_component_ref idref="oc-285"/>
      </symbol>
      <symbol id="sm-6cb">
         <name>_Inf</name>
         <value>0x20000ce0</value>
         <object_component_ref idref="oc-285"/>
      </symbol>
      <symbol id="sm-6cc">
         <name>_Xbig</name>
         <value>0x20000d20</value>
         <object_component_ref idref="oc-285"/>
      </symbol>
      <symbol id="sm-6cd">
         <name>_Eps</name>
         <value>0x20000cc0</value>
         <object_component_ref idref="oc-285"/>
      </symbol>
      <symbol id="sm-6ce">
         <name>_Denorm</name>
         <value>0x20000cb0</value>
         <object_component_ref idref="oc-285"/>
      </symbol>
      <symbol id="sm-6d6">
         <name>_Errno</name>
         <value>0x20000d68</value>
         <object_component_ref idref="oc-290"/>
      </symbol>
      <symbol id="sm-6f4">
         <name>feraiseexcept</name>
         <value>0x4495</value>
         <object_component_ref idref="oc-28a"/>
      </symbol>
      <symbol id="sm-6f5">
         <name>_Tls_setup__Fenv</name>
         <value>0x20000d64</value>
         <object_component_ref idref="oc-2b4"/>
      </symbol>
      <symbol id="sm-6f6">
         <name>_Fenv</name>
         <value>0x20000d60</value>
         <object_component_ref idref="oc-2b4"/>
      </symbol>
      <symbol id="sm-70a">
         <name>raise</name>
         <value>0x4557</value>
         <object_component_ref idref="oc-2ae"/>
      </symbol>
      <symbol id="sm-724">
         <name>signal</name>
         <value>0x4421</value>
         <object_component_ref idref="oc-2be"/>
      </symbol>
      <symbol id="sm-739">
         <name>_Dnorm</name>
         <value>0x3cfd</value>
         <object_component_ref idref="oc-27b"/>
      </symbol>
      <symbol id="sm-73a">
         <name>__TI_static_base__</name>
         <value>0x0</value>
      </symbol>
      <symbol id="sm-73d">
         <name>SHT$$INIT_ARRAY$$Limit</name>
         <value>0x0</value>
      </symbol>
      <symbol id="sm-73e">
         <name>SHT$$INIT_ARRAY$$Base</name>
         <value>0x0</value>
      </symbol>
   </symbol_table>
   <title>Link successful</title>
</link_info>
